mb-sample: 0 already done, 1275 to fetch
  mb-sample 50/1275
  mb-sample 100/1275
  mb-sample 150/1275
  mb-sample 200/1275
  mb-sample 250/1275
  mb-sample 300/1275
  mb-sample 350/1275
  mb-sample 400/1275
  mb-sample 450/1275
  mb-sample 500/1275
  mb-sample 550/1275
  mb-sample 600/1275
  mb-sample 650/1275
  mb-sample 700/1275
  mb-sample 750/1275
  mb-sample 800/1275
  mb-sample 850/1275
  mb-sample 900/1275
  mb-sample 950/1275
  mb-sample 1000/1275
  mb-sample 1050/1275
  mb-sample 1100/1275
  mb-sample 1150/1275
  mb-sample 1200/1275
  mb-sample 1250/1275
  mb-sample 1275/1275

        band     n  resolved  MB genre   MB tag   P136   UNION  union/resolved
    top 0.1%    75   100.0%   100.0%  100.0%  0.0% 100.0%         100.0%
      top 1%   300   100.0%    99.7%  100.0%  0.0%  99.7%          99.7%
     top 10%   300   100.0%    87.7%   90.7%  3.0%  87.7%          87.7%
  upper half   300   100.0%    54.3%   58.0%  3.0%  54.7%          54.7%
  lower half   300   100.0%    24.0%   28.0%  1.3%  24.7%          24.7%

KILL GATE (lower half, union genre / all sampled): 24.7% against a 50% bar -> KILL -- step 2 does not run

-> ct_mb_sample_raw.json, ct_coverage.json
