p136: 1200 already done, 72993 to fetch
  p136 600/72993  (2.3s)
  p136 1200/72993  (0.5s)
  p136 1800/72993  (0.7s)
  p136 2400/72993  (0.5s)
  p136 3000/72993  (0.8s)
  p136 3600/72993  (0.3s)
  p136 4200/72993  (0.9s)
  p136 4800/72993  (3.8s)
  p136 5400/72993  (0.6s)
  p136 6000/72993  (0.4s)
  p136 6600/72993  (5.1s)
  p136 7200/72993  (14.1s)
  p136 7800/72993  (13.7s)
  p136 8400/72993  (0.8s)
  p136 9000/72993  (0.9s)
  p136 9600/72993  (0.7s)
  p136 10200/72993  (1.4s)
  p136 10800/72993  (2.2s)
  p136 11400/72993  (0.7s)
  p136 12000/72993  (0.9s)
  p136 12600/72993  (0.8s)
  p136 13200/72993  (1.1s)
  p136 13800/72993  (0.9s)
  p136 14400/72993  (2.8s)
  p136 15000/72993  (0.9s)
  p136 15600/72993  (1.8s)
  p136 16200/72993  (0.6s)
  p136 16800/72993  (1.0s)
  p136 17400/72993  (0.7s)
  p136 18000/72993  (0.7s)
  p136 18600/72993  (0.7s)
  p136 19200/72993  (0.6s)
  p136 19800/72993  (0.9s)
  p136 20400/72993  (0.9s)
  p136 21000/72993  (0.8s)
  p136 21600/72993  (1.0s)
  p136 22200/72993  (1.2s)
  p136 22800/72993  (1.9s)
  p136 23400/72993  (1.0s)
  p136 24000/72993  (0.8s)
  p136 24600/72993  (1.2s)
  p136 25200/72993  (1.1s)
  p136 25800/72993  (1.4s)
  p136 26400/72993  (1.2s)
  p136 27000/72993  (1.2s)
  p136 27600/72993  (1.2s)
  p136 28200/72993  (0.5s)
  p136 28800/72993  (2.1s)
  p136 29400/72993  (0.9s)
  p136 30000/72993  (1.2s)
  p136 30600/72993  (1.2s)
  p136 31200/72993  (2.4s)
  p136 31800/72993  (0.9s)
  p136 32400/72993  (0.8s)
  p136 33000/72993  (1.0s)
  p136 33600/72993  (1.1s)
  p136 34200/72993  (1.2s)
  p136 34800/72993  (1.6s)
  p136 35400/72993  (1.3s)
  p136 36000/72993  (0.9s)
  p136 36600/72993  (1.6s)
  p136 37200/72993  (1.3s)
  p136 37800/72993  (2.8s)
  p136 38400/72993  (0.9s)
  p136 39000/72993  (3.1s)
  p136 39600/72993  (2.9s)
  p136 40200/72993  (1.6s)
  p136 40800/72993  (0.9s)
  p136 41400/72993  (1.0s)
  p136 42000/72993  (0.7s)
  p136 42600/72993  (3.2s)
  p136 43200/72993  (2.0s)
  p136 43800/72993  (3.5s)
  p136 44400/72993  (20.3s)
  p136 45000/72993  (5.8s)
  p136 45600/72993  (4.3s)
  p136 46200/72993  (27.6s)
  p136 46800/72993  (13.7s)
  p136 47400/72993  (3.8s)
  p136 48000/72993  (2.5s)
  p136 48600/72993  (1.0s)
  p136 49200/72993  (7.3s)
  p136 49800/72993  (17.5s)
  p136 50400/72993  (2.4s)
  p136 51000/72993  (4.4s)
  p136 51600/72993  (0.8s)
  p136 52200/72993  (0.8s)
  p136 52800/72993  (0.3s)
  p136 53400/72993  (0.3s)
  p136 54000/72993  (2.5s)
  p136 54600/72993  (1.0s)
  p136 55200/72993  (16.9s)
  p136 55800/72993  (0.9s)
  p136 56400/72993  (0.4s)
  p136 57000/72993  (0.7s)
  p136 57600/72993  (1.1s)
  p136 58200/72993  (9.0s)
  p136 58800/72993  (0.6s)
  p136 59400/72993  (0.7s)
  p136 60000/72993  (0.5s)
  p136 60600/72993  (0.6s)
  p136 61200/72993  (0.8s)
  p136 61800/72993  (0.4s)
  p136 62400/72993  (0.9s)
  p136 63000/72993  (0.8s)
  p136 63600/72993  (0.7s)
  p136 64200/72993  (0.7s)
  p136 64800/72993  (0.9s)
  p136 65400/72993  (0.7s)
  p136 66000/72993  (2.3s)
  p136 66600/72993  (1.0s)
  p136 67200/72993  (0.9s)
  p136 67800/72993  (0.4s)
  p136 68400/72993  (0.8s)
  p136 69000/72993  (0.8s)
  p136 69600/72993  (0.7s)
  p136 70200/72993  (0.7s)
  p136 70800/72993  (1.1s)
  p136 71400/72993  (0.7s)
  p136 72000/72993  (0.6s)
  p136 72600/72993  (1.0s)
  p136 72993/72993  (0.4s)

        band  artists  P136/all  item/all  P136/item
    top 0.1%       75   100.0%   100.0%    100.0%
      top 1%      667    99.0%   100.0%     99.0%
     top 10%     6678    78.9%    88.0%     89.6%
  upper half    29677    52.5%    67.0%     78.3%
  lower half    37096    22.9%    36.7%     62.5%

-> ct_wikidata_genres.json, ct_wikidata_genres_summary.json
