366 distinct interior artists across all arms/pairs/snapshots
resolving 260 uncached name(s) of 366
  [  1/260] FLAG 2econd Class Citizen  F=0.000
  [  2/260] ok  8mm  F=3.752
  [  3/260] ok  A$AP Rocky  F=6.385
  [  4/260] ok  Ab‐Soul  F=4.953
  [  5/260] ok  Aimee Mann  F=5.722
  [  6/260] ok  Airhead  F=3.469
  [  7/260] ok  Al Bowlly  F=4.984
  [  8/260] ok  Alanis Morissette  F=6.219
  [  9/260] ok  Alexandre Desplat  F=5.236
  [ 10/260] ok  Alice in Chains  F=6.128
  [ 11/260] ok  Allah-Las  F=4.541
  [ 12/260] ok  Allan Taylor  F=4.106
  [ 13/260] ok  Amon Amarth  F=5.232
  [ 14/260] ok  Amon Tobin  F=4.648
  [ 15/260] ---- Arctic Quest  F=0.000
  [ 16/260] ok  Arve Henriksen  F=3.737
  [ 17/260] ok  Autechre  F=5.123
  [ 18/260] ok  Avenged Sevenfold  F=5.861
  [ 19/260] ok  BABYMETAL  F=5.806
  [ 20/260] ok  BADBADNOTGOOD  F=4.999
  [ 21/260] ok  BLACKPINK  F=6.348
  [ 22/260] ok  BUCK‐TICK  F=4.840
  [ 23/260] ---- Bad Computer  F=0.000
  [ 24/260] ok  Bank Band  F=2.994
  [ 25/260] ok  Beoga  F=4.262
  [ 26/260] ok  Billy Idol  F=6.119
  [ 27/260] ok  Biosphere  F=4.338
  [ 28/260] ok  Blondie  F=5.918
